// Jest Snapshot v1, https://goo.gl/fbAQLP

exports[`LvButton - Snapshot Snapshot 1`] = `
<button
  class="lv-button"
  type="button"
>
  my button
</button>
`;
