// Jest Snapshot v1, https://goo.gl/fbAQLP

exports[`Login - Snapshot Snapshot 1`] = `
<div
  class="login view"
>
  <img
    class="login__icon"
    src="../assets/padlock.svg"
  />
  <form
    class="login__form"
    novalidate="novalidate"
  >
    <lv-input-stub
      id="login-email"
      label="E-mail"
      name="email"
      placeholder="Email"
      type="email"
      validations="email|required"
    />
    <lv-input-stub
      id="login-pass"
      label="Password"
      name="password"
      placeholder="password"
      type="password"
      validations="required"
    />
    <!---->
    <lv-button-stub
      class="lv-button--dark login__form-button"
      disablebutton="true"
      maxwidth="true"
      text="Log In"
      type="button"
    />
  </form>
</div>
`;
